// Vitest Snapshot v1, https://vitest.dev/guide/snapshot.html

exports[`AppMobileMenu > renders correctly 1`] = `
"<teleport-stub to="body">
  <div id="mobileMenu" tabindex="-1" role="dialog" aria-modal="true" aria-label="Mobile navigation" aria-hidden="false" class="no-print bg-bg/97 border-line fixed inset-x-0 top-[60px] z-90 border-b backdrop-blur-md transition-[transform,opacity,visibility] duration-200 md:hidden visible translate-y-0 opacity-100" style="box-shadow: 0 8px 24px rgba(0, 0, 0, 0.04);">
    <div class="flex flex-col px-4 py-3"><button type="button" class="sr-only focus-visible:not-sr-only focus-visible:mb-2 focus-visible:self-end focus-visible:rounded focus-visible:px-2 focus-visible:py-1 focus-visible:font-mono focus-visible:text-[0.82rem]"> close menu </button><a href="/posts/" class="border-line/60 text-fg hover:text-accent flex items-center justify-between border-b px-2 py-3.5 font-mono text-[0.95rem] tracking-[-0.01em] no-underline transition-colors"><span>blog</span><span class="text-fg-subtle font-mono text-[0.6rem]">01</span></a><a href="/resume" class="border-line/60 text-fg hover:text-accent flex items-center justify-between border-b px-2 py-3.5 font-mono text-[0.95rem] tracking-[-0.01em] no-underline transition-colors"><span>resume</span><span class="text-fg-subtle font-mono text-[0.6rem]">02</span></a>
      <div class="border-line/60 mt-3 flex items-center gap-1 pt-4"><span class="text-fg-subtle mr-3 font-mono text-[0.6rem] tracking-widest uppercase">elsewhere</span>
        <app-social-links-stub hideonmobile="false"></app-social-links-stub>
      </div>
    </div>
  </div>
  <div class="no-print bg-fg/20 fixed inset-0 z-80 transition-[opacity,visibility] duration-200 md:hidden visible opacity-100"></div>
</teleport-stub>"
`;
